============================================================
Script:  pipeline-render
Started: 2026-04-13T22:05:01.813Z
============================================================
[22:05:01.816] [INFO ] pipeline-render.js
[22:05:01.819] [INFO ] Source:  C:\Users\andre\projects\movies\pipeline\2-revised
[22:05:01.819] [INFO ] Output:  C:\Users\andre\projects\movies\pipeline\3-rendered
[22:05:01.819] [INFO ] Files:   1
[22:05:01.819] [INFO ] Force:   yes

── Rendering ────────────────────────────────────
[22:05:01.821] [PASS ] the-godfather.html — 24161 chars

── Summary ─────────────────────────────────────
  Total:               1
  Rendered:            1
  Skipped:             0
  Failed:              0
────────────────────────────────────────────────

── Checkpoint ──────────────────────────────────
  ✓  All pages rendered successfully
  ✓  All rendered files exist in 3-rendered/
  ✓  All pages have canonical tag
  ✓  All pages have quick-answer block
  ✗  All pages have CTA blocks
       the-godfather
  ✓  No pages reference ../css/ (wrong path)
  ✓  No pages reference ../images/ (wrong path)

────────────────────────────────────────────────
  CHECKPOINT FAILED — resolve issues before proceeding

============================================================
Finished: 2026-04-13T22:05:01.822Z
Elapsed:  0.0s
Log:      C:\Users\andre\projects\movies\logs\2026-04-13_18-05-01_pipeline-render.log
============================================================
