============================================================
Script:  pipeline-render
Started: 2026-04-14T22:46:40.976Z
============================================================
[22:46:40.980] [INFO ] pipeline-render.js
[22:46:40.982] [INFO ] Source:  C:\Users\andre\projects\movies\pipeline\2-revised
[22:46:40.982] [INFO ] Output:  C:\Users\andre\projects\movies\pipeline\3-rendered
[22:46:40.982] [INFO ] Files:   164
[22:46:40.982] [INFO ] Force:   no

── Rendering ────────────────────────────────────
[22:46:40.983] [SKIP ] a-beautiful-mind.html (already exists)
[22:46:40.983] [SKIP ] a-knight-of-the-seven-kingdoms.html (already exists)
[22:46:40.983] [SKIP ] a-little-life.html (already exists)
[22:46:40.983] [SKIP ] a-man-called-ove.html (already exists)
[22:46:40.984] [SKIP ] a-walk-to-remember.html (already exists)
[22:46:40.984] [SKIP ] about-a-boy.html (already exists)
[22:46:40.984] [SKIP ] all-quiet-on-the-western-front.html (already exists)
[22:46:40.984] [SKIP ] all-the-light-we-cannot-see.html (already exists)
[22:46:40.984] [SKIP ] along-came-a-spider.html (already exists)
[22:46:40.984] [SKIP ] american-gods.html (already exists)
[22:46:40.985] [SKIP ] american-psycho.html (already exists)
[22:46:40.985] [SKIP ] animal-farm.html (already exists)
[22:46:40.985] [SKIP ] annihilation.html (already exists)
[22:46:40.985] [SKIP ] atonement.html (already exists)
[22:46:40.985] [SKIP ] band-of-brothers.html (already exists)
[22:46:40.985] [SKIP ] beloved.html (already exists)
[22:46:40.985] [SKIP ] big-fish.html (already exists)
[22:46:40.986] [SKIP ] big-little-lies-hbo.html (already exists)
[22:46:40.986] [SKIP ] breakfast-at-tiffanys.html (already exists)
[22:46:40.986] [SKIP ] bridgerton.html (already exists)
[22:46:40.986] [SKIP ] brooklyn.html (already exists)
[22:46:40.986] [SKIP ] catch-22.html (already exists)
[22:46:40.986] [SKIP ] catch-me-if-you-can.html (already exists)
[22:46:40.986] [SKIP ] cold-mountain.html (already exists)
[22:46:40.987] [SKIP ] contact.html (already exists)
[22:46:40.987] [SKIP ] da-vinci-code.html (already exists)
[22:46:40.987] [SKIP ] daisy-jones-and-the-six.html (already exists)
[22:46:40.987] [SKIP ] dark-matter.html (already exists)
[22:46:40.987] [SKIP ] devil-wears-prada.html (already exists)
[22:46:40.987] [SKIP ] divergent.html (already exists)
[22:46:40.988] [SKIP ] doctor-sleep.html (already exists)
[22:46:40.988] [SKIP ] dracula.html (already exists)
[22:46:40.988] [SKIP ] dune.html (already exists)
[22:46:40.988] [SKIP ] eat-pray-love.html (already exists)
[22:46:40.988] [SKIP ] enders-game.html (already exists)
[22:46:40.988] [SKIP ] enders-game-film.html (already exists)
[22:46:40.988] [SKIP ] english-patient.html (already exists)
[22:46:40.989] [SKIP ] everything-everything.html (already exists)
[22:46:40.989] [SKIP ] fight-club.html (already exists)
[22:46:40.989] [SKIP ] five-feet-apart.html (already exists)
[22:46:40.989] [SKIP ] fourth-wing.html (already exists)
[22:46:40.989] [SKIP ] frankenstein.html (already exists)
[22:46:40.989] [SKIP ] geralds-game.html (already exists)
[22:46:40.989] [SKIP ] ghost-world.html (already exists)
[22:46:40.989] [SKIP ] girl-on-the-train.html (already exists)
[22:46:40.990] [SKIP ] girl-with-the-dragon-tattoo.html (already exists)
[22:46:40.990] [SKIP ] gone-girl.html (already exists)
[22:46:40.990] [SKIP ] good-omens.html (already exists)
[22:46:40.990] [SKIP ] hamnet.html (already exists)
[22:46:40.990] [SKIP ] hannibal-series.html (already exists)
[22:46:40.991] [SKIP ] heated-rivalry.html (already exists)
[22:46:40.991] [SKIP ] high-fidelity.html (already exists)
[22:46:40.991] [SKIP ] hillbilly-elegy.html (already exists)
[22:46:40.991] [SKIP ] hitchhikers-guide.html (already exists)
[22:46:40.991] [SKIP ] howls-moving-castle.html (already exists)
[22:46:40.991] [SKIP ] hunger-games-sunrise.html (already exists)
[22:46:40.991] [SKIP ] i-am-legend.html (already exists)
[22:46:40.992] [SKIP ] i-robot.html (already exists)
[22:46:40.992] [SKIP ] interview-with-the-vampire-amcplus.html (already exists)
[22:46:40.992] [SKIP ] into-the-wild.html (already exists)
[22:46:40.992] [SKIP ] it-ends-with-us.html (already exists)
[22:46:40.992] [SKIP ] it-muschietti.html (already exists)
[22:46:40.992] [SKIP ] jane-eyre.html (already exists)
[22:46:40.992] [SKIP ] jurassic-park.html (already exists)
[22:46:40.993] [SKIP ] kite-runner.html (already exists)
[22:46:40.993] [SKIP ] la-confidential.html (already exists)
[22:46:40.993] [SKIP ] les-miserables.html (already exists)
[22:46:40.993] [SKIP ] little-women.html (already exists)
[22:46:40.993] [SKIP ] lonesome-dove.html (already exists)
[22:46:40.993] [SKIP ] looking-for-alaska.html (already exists)
[22:46:40.993] [SKIP ] lord-of-the-flies.html (already exists)
[22:46:40.993] [SKIP ] love-simon.html (already exists)
[22:46:40.994] [SKIP ] margos-got-money-troubles.html (already exists)
[22:46:40.994] [SKIP ] me-before-you.html (already exists)
[22:46:40.994] [SKIP ] mickey-17.html (already exists)
[22:46:40.994] [SKIP ] misery.html (already exists)
[22:46:40.994] [SKIP ] my-brilliant-friend.html (already exists)
[22:46:40.994] [SKIP ] my-sisters-keeper.html (already exists)
[22:46:40.994] [SKIP ] narnia-magicians-nephew.html (already exists)
[22:46:40.994] [SKIP ] never-let-me-go.html (already exists)
[22:46:40.995] [SKIP ] normal-people.html (already exists)
[22:46:40.995] [SKIP ] of-mice-and-men.html (already exists)
[22:46:40.995] [SKIP ] olive-kitteridge.html (already exists)
[22:46:40.995] [SKIP ] on-the-road.html (already exists)
[22:46:40.995] [SKIP ] one-day.html (already exists)
[22:46:40.995] [SKIP ] one-flew-over-the-cuckoos-nest.html (already exists)
[22:46:40.995] [SKIP ] outlander.html (already exists)
[22:46:40.995] [SKIP ] pachinko.html (already exists)
[22:46:40.996] [SKIP ] people-we-meet-on-vacation.html (already exists)
[22:46:40.996] [SKIP ] perks-of-being-a-wallflower.html (already exists)
[22:46:40.996] [SKIP ] pet-sematary-2019.html (already exists)
[22:46:40.996] [SKIP ] presumed-innocent.html (already exists)
[22:46:40.996] [SKIP ] pride-and-prejudice.html (already exists)
[22:46:40.996] [SKIP ] project-hail-mary.html (already exists)
[22:46:40.996] [SKIP ] ready-player-one.html (already exists)
[22:46:40.997] [SKIP ] rebecca.html (already exists)
[22:46:40.997] [SKIP ] remains-of-the-day.html (already exists)
[22:46:40.997] [SKIP ] remarkably-bright-creatures.html (already exists)
[22:46:40.997] [SKIP ] reminders-of-him.html (already exists)
[22:46:40.997] [SKIP ] room.html (already exists)
[22:46:40.997] [SKIP ] roots-2016.html (already exists)
[22:46:40.998] [SKIP ] rosemarys-baby.html (already exists)
[22:46:40.998] [SKIP ] schindlers-list.html (already exists)
[22:46:40.998] [SKIP ] seabiscuit.html (already exists)
[22:46:40.998] [SKIP ] sense-and-sensibility.html (already exists)
[22:46:40.998] [SKIP ] shadow-and-bone.html (already exists)
[22:46:40.998] [SKIP ] sharp-objects.html (already exists)
[22:46:40.999] [SKIP ] shogun-2024.html (already exists)
[22:46:40.999] [SKIP ] silence-of-the-lambs.html (already exists)
[22:46:40.999] [SKIP ] sophies-choice.html (already exists)
[22:46:40.999] [SKIP ] sphere.html (already exists)
[22:46:40.999] [SKIP ] stardust.html (already exists)
[22:46:41.000] [SKIP ] station-eleven.html (already exists)
[22:46:41.000] [SKIP ] talented-mr-ripley.html (already exists)
[22:46:41.000] [SKIP ] the-book-thief.html (already exists)
[22:46:41.000] [SKIP ] the-client.html (already exists)
[22:46:41.000] [SKIP ] the-color-purple.html (already exists)
[22:46:41.000] [SKIP ] the-count-of-monte-cristo.html (already exists)
[22:46:41.001] [SKIP ] the-electric-state.html (already exists)
[22:46:41.001] [SKIP ] the-fault-in-our-stars.html (already exists)
[22:46:41.001] [SKIP ] the-firm.html (already exists)
[22:46:41.001] [SKIP ] the-girl-with-the-dragon-tattoo-fincher.html (already exists)
[22:46:41.001] [SKIP ] the-giver.html (already exists)
[22:46:41.001] [SKIP ] the-glass-castle.html (already exists)
[22:46:41.002] [SKIP ] the-godfather.html (already exists)
[22:46:41.002] [SKIP ] the-great-gatsby.html (already exists)
[22:46:41.002] [SKIP ] the-handmaids-tale.html (already exists)
[22:46:41.002] [SKIP ] the-haunting-of-hill-house.html (already exists)
[22:46:41.002] [SKIP ] the-help.html (already exists)
[22:46:41.002] [SKIP ] the-hours.html (already exists)
[22:46:41.002] [SKIP ] the-housemaid.html (already exists)
[22:46:41.003] [SKIP ] the-lincoln-lawyer.html (already exists)
[22:46:41.003] [SKIP ] the-longest-ride.html (already exists)
[22:46:41.003] [SKIP ] the-lovely-bones.html (already exists)
[22:46:41.003] [SKIP ] the-martian.html (already exists)
[22:46:41.003] [SKIP ] the-maze-runner-film.html (already exists)
[22:46:41.004] [SKIP ] the-notebook.html (already exists)
[22:46:41.004] [SKIP ] the-odyssey.html (already exists)
[22:46:41.004] [SKIP ] the-outsider.html (already exists)
[22:46:41.004] [SKIP ] the-outsiders.html (already exists)
[22:46:41.004] [SKIP ] the-pelican-brief.html (already exists)
[22:46:41.004] [SKIP ] the-pianist.html (already exists)
[22:46:41.004] [SKIP ] the-picture-of-dorian-gray.html (already exists)
[22:46:41.004] [SKIP ] the-pillars-of-the-earth.html (already exists)
[22:46:41.005] [SKIP ] the-princess-bride.html (already exists)
[22:46:41.005] [SKIP ] the-road.html (already exists)
[22:46:41.005] [SKIP ] the-secret-garden.html (already exists)
[22:46:41.005] [SKIP ] the-secret-life-of-bees.html (already exists)
[22:46:41.005] [SKIP ] the-shining.html (already exists)
[22:46:41.005] [SKIP ] the-sisterhood-of-the-traveling-pants.html (already exists)
[22:46:41.005] [SKIP ] the-three-body-problem.html (already exists)
[22:46:41.005] [SKIP ] the-thursday-murder-club.html (already exists)
[22:46:41.006] [SKIP ] the-time-travelers-wife.html (already exists)
[22:46:41.006] [SKIP ] the-witcher.html (already exists)
[22:46:41.006] [SKIP ] the-woman-in-the-window.html (already exists)
[22:46:41.006] [SKIP ] thirteen-reasons-why.html (already exists)
[22:46:41.006] [SKIP ] to-kill-a-mockingbird.html (already exists)
[22:46:41.006] [SKIP ] verity.html (already exists)
[22:46:41.006] [SKIP ] water-for-elephants.html (already exists)
[22:46:41.007] [SKIP ] where-the-crawdads-sing.html (already exists)
[22:46:41.007] [SKIP ] white-noise.html (already exists)
[22:46:41.007] [SKIP ] wolf-hall.html (already exists)
[22:46:41.007] [SKIP ] world-war-z.html (already exists)
[22:46:41.007] [SKIP ] wuthering-heights.html (already exists)

── Summary ─────────────────────────────────────
  Total:               164
  Rendered:            0
  Skipped:             164
  Failed:              0
────────────────────────────────────────────────

============================================================
Finished: 2026-04-14T22:46:41.007Z
Elapsed:  0.0s
Log:      C:\Users\andre\projects\movies\logs\2026-04-14_18-46-40_pipeline-render.log
============================================================
