============================================================
Script:  pipeline-render
Started: 2026-04-14T17:43:21.933Z
============================================================
[17:43:21.937] [INFO ] pipeline-render.js
[17:43:21.939] [INFO ] Source:  C:\Users\andre\projects\movies\pipeline\2-revised
[17:43:21.939] [INFO ] Output:  C:\Users\andre\projects\movies\pipeline\3-rendered
[17:43:21.939] [INFO ] Files:   164
[17:43:21.940] [INFO ] Force:   no

── Rendering ────────────────────────────────────
[17:43:21.940] [SKIP ] a-beautiful-mind.html (already exists)
[17:43:21.940] [SKIP ] a-knight-of-the-seven-kingdoms.html (already exists)
[17:43:21.940] [SKIP ] a-little-life.html (already exists)
[17:43:21.941] [SKIP ] a-man-called-ove.html (already exists)
[17:43:21.941] [SKIP ] a-walk-to-remember.html (already exists)
[17:43:21.941] [SKIP ] about-a-boy.html (already exists)
[17:43:21.941] [SKIP ] all-quiet-on-the-western-front.html (already exists)
[17:43:21.941] [SKIP ] all-the-light-we-cannot-see.html (already exists)
[17:43:21.942] [SKIP ] along-came-a-spider.html (already exists)
[17:43:21.942] [SKIP ] american-gods.html (already exists)
[17:43:21.942] [SKIP ] american-psycho.html (already exists)
[17:43:21.942] [SKIP ] animal-farm.html (already exists)
[17:43:21.942] [SKIP ] annihilation.html (already exists)
[17:43:21.942] [SKIP ] atonement.html (already exists)
[17:43:21.943] [SKIP ] band-of-brothers.html (already exists)
[17:43:21.943] [SKIP ] beloved.html (already exists)
[17:43:21.943] [SKIP ] big-fish.html (already exists)
[17:43:21.943] [SKIP ] big-little-lies-hbo.html (already exists)
[17:43:21.943] [SKIP ] breakfast-at-tiffanys.html (already exists)
[17:43:21.943] [SKIP ] bridgerton.html (already exists)
[17:43:21.943] [SKIP ] brooklyn.html (already exists)
[17:43:21.944] [SKIP ] catch-22.html (already exists)
[17:43:21.944] [SKIP ] catch-me-if-you-can.html (already exists)
[17:43:21.944] [SKIP ] cold-mountain.html (already exists)
[17:43:21.944] [SKIP ] contact.html (already exists)
[17:43:21.944] [SKIP ] da-vinci-code.html (already exists)
[17:43:21.944] [SKIP ] daisy-jones-and-the-six.html (already exists)
[17:43:21.944] [SKIP ] dark-matter.html (already exists)
[17:43:21.945] [SKIP ] devil-wears-prada.html (already exists)
[17:43:21.945] [SKIP ] divergent.html (already exists)
[17:43:21.945] [SKIP ] doctor-sleep.html (already exists)
[17:43:21.945] [SKIP ] dracula.html (already exists)
[17:43:21.945] [SKIP ] dune.html (already exists)
[17:43:21.945] [SKIP ] eat-pray-love.html (already exists)
[17:43:21.945] [SKIP ] enders-game.html (already exists)
[17:43:21.946] [SKIP ] enders-game-film.html (already exists)
[17:43:21.946] [SKIP ] english-patient.html (already exists)
[17:43:21.946] [SKIP ] everything-everything.html (already exists)
[17:43:21.946] [SKIP ] fight-club.html (already exists)
[17:43:21.946] [SKIP ] five-feet-apart.html (already exists)
[17:43:21.946] [SKIP ] fourth-wing.html (already exists)
[17:43:21.946] [SKIP ] frankenstein.html (already exists)
[17:43:21.947] [SKIP ] geralds-game.html (already exists)
[17:43:21.947] [SKIP ] ghost-world.html (already exists)
[17:43:21.947] [SKIP ] girl-on-the-train.html (already exists)
[17:43:21.947] [SKIP ] girl-with-the-dragon-tattoo.html (already exists)
[17:43:21.947] [SKIP ] gone-girl.html (already exists)
[17:43:21.947] [SKIP ] good-omens.html (already exists)
[17:43:21.947] [SKIP ] hamnet.html (already exists)
[17:43:21.947] [SKIP ] hannibal-series.html (already exists)
[17:43:21.948] [SKIP ] heated-rivalry.html (already exists)
[17:43:21.948] [SKIP ] high-fidelity.html (already exists)
[17:43:21.949] [SKIP ] hillbilly-elegy.html (already exists)
[17:43:21.949] [SKIP ] hitchhikers-guide.html (already exists)
[17:43:21.949] [SKIP ] howls-moving-castle.html (already exists)
[17:43:21.949] [SKIP ] hunger-games-sunrise.html (already exists)
[17:43:21.949] [SKIP ] i-am-legend.html (already exists)
[17:43:21.949] [SKIP ] i-robot.html (already exists)
[17:43:21.950] [SKIP ] interview-with-the-vampire-amcplus.html (already exists)
[17:43:21.950] [SKIP ] into-the-wild.html (already exists)
[17:43:21.950] [SKIP ] it-ends-with-us.html (already exists)
[17:43:21.950] [SKIP ] it-muschietti.html (already exists)
[17:43:21.950] [SKIP ] jane-eyre.html (already exists)
[17:43:21.950] [SKIP ] jurassic-park.html (already exists)
[17:43:21.950] [SKIP ] kite-runner.html (already exists)
[17:43:21.951] [SKIP ] la-confidential.html (already exists)
[17:43:21.951] [SKIP ] les-miserables.html (already exists)
[17:43:21.951] [SKIP ] little-women.html (already exists)
[17:43:21.951] [SKIP ] lonesome-dove.html (already exists)
[17:43:21.951] [SKIP ] looking-for-alaska.html (already exists)
[17:43:21.951] [SKIP ] lord-of-the-flies.html (already exists)
[17:43:21.951] [SKIP ] love-simon.html (already exists)
[17:43:21.951] [SKIP ] margos-got-money-troubles.html (already exists)
[17:43:21.952] [SKIP ] me-before-you.html (already exists)
[17:43:21.952] [SKIP ] mickey-17.html (already exists)
[17:43:21.952] [SKIP ] misery.html (already exists)
[17:43:21.952] [SKIP ] my-brilliant-friend.html (already exists)
[17:43:21.952] [SKIP ] my-sisters-keeper.html (already exists)
[17:43:21.952] [SKIP ] narnia-magicians-nephew.html (already exists)
[17:43:21.952] [SKIP ] never-let-me-go.html (already exists)
[17:43:21.953] [SKIP ] normal-people.html (already exists)
[17:43:21.953] [SKIP ] of-mice-and-men.html (already exists)
[17:43:21.953] [SKIP ] olive-kitteridge.html (already exists)
[17:43:21.953] [SKIP ] on-the-road.html (already exists)
[17:43:21.953] [SKIP ] one-day.html (already exists)
[17:43:21.953] [SKIP ] one-flew-over-the-cuckoos-nest.html (already exists)
[17:43:21.953] [SKIP ] outlander.html (already exists)
[17:43:21.954] [SKIP ] pachinko.html (already exists)
[17:43:21.954] [SKIP ] people-we-meet-on-vacation.html (already exists)
[17:43:21.954] [SKIP ] perks-of-being-a-wallflower.html (already exists)
[17:43:21.954] [SKIP ] pet-sematary-2019.html (already exists)
[17:43:21.954] [SKIP ] presumed-innocent.html (already exists)
[17:43:21.955] [SKIP ] pride-and-prejudice.html (already exists)
[17:43:21.955] [SKIP ] project-hail-mary.html (already exists)
[17:43:21.955] [SKIP ] ready-player-one.html (already exists)
[17:43:21.955] [SKIP ] rebecca.html (already exists)
[17:43:21.956] [SKIP ] remains-of-the-day.html (already exists)
[17:43:21.956] [SKIP ] remarkably-bright-creatures.html (already exists)
[17:43:21.956] [SKIP ] reminders-of-him.html (already exists)
[17:43:21.956] [SKIP ] room.html (already exists)
[17:43:21.956] [SKIP ] roots-2016.html (already exists)
[17:43:21.956] [SKIP ] rosemarys-baby.html (already exists)
[17:43:21.956] [SKIP ] schindlers-list.html (already exists)
[17:43:21.957] [SKIP ] seabiscuit.html (already exists)
[17:43:21.957] [SKIP ] sense-and-sensibility.html (already exists)
[17:43:21.957] [SKIP ] shadow-and-bone.html (already exists)
[17:43:21.957] [SKIP ] sharp-objects.html (already exists)
[17:43:21.957] [SKIP ] shogun-2024.html (already exists)
[17:43:21.957] [SKIP ] silence-of-the-lambs.html (already exists)
[17:43:21.958] [SKIP ] sophies-choice.html (already exists)
[17:43:21.958] [SKIP ] sphere.html (already exists)
[17:43:21.958] [SKIP ] stardust.html (already exists)
[17:43:21.958] [SKIP ] station-eleven.html (already exists)
[17:43:21.958] [SKIP ] talented-mr-ripley.html (already exists)
[17:43:21.958] [SKIP ] the-book-thief.html (already exists)
[17:43:21.959] [SKIP ] the-client.html (already exists)
[17:43:21.959] [SKIP ] the-color-purple.html (already exists)
[17:43:21.959] [SKIP ] the-count-of-monte-cristo.html (already exists)
[17:43:21.959] [SKIP ] the-electric-state.html (already exists)
[17:43:21.959] [SKIP ] the-fault-in-our-stars.html (already exists)
[17:43:21.959] [SKIP ] the-firm.html (already exists)
[17:43:21.960] [SKIP ] the-girl-with-the-dragon-tattoo-fincher.html (already exists)
[17:43:21.960] [SKIP ] the-giver.html (already exists)
[17:43:21.960] [SKIP ] the-glass-castle.html (already exists)
[17:43:21.960] [SKIP ] the-godfather.html (already exists)
[17:43:21.960] [SKIP ] the-great-gatsby.html (already exists)
[17:43:21.960] [SKIP ] the-handmaids-tale.html (already exists)
[17:43:21.960] [SKIP ] the-haunting-of-hill-house.html (already exists)
[17:43:21.961] [SKIP ] the-help.html (already exists)
[17:43:21.961] [SKIP ] the-hours.html (already exists)
[17:43:21.961] [SKIP ] the-housemaid.html (already exists)
[17:43:21.961] [SKIP ] the-lincoln-lawyer.html (already exists)
[17:43:21.961] [SKIP ] the-longest-ride.html (already exists)
[17:43:21.961] [SKIP ] the-lovely-bones.html (already exists)
[17:43:21.962] [SKIP ] the-martian.html (already exists)
[17:43:21.962] [SKIP ] the-maze-runner-film.html (already exists)
[17:43:21.962] [SKIP ] the-notebook.html (already exists)
[17:43:21.962] [SKIP ] the-odyssey.html (already exists)
[17:43:21.963] [SKIP ] the-outsider.html (already exists)
[17:43:21.963] [SKIP ] the-outsiders.html (already exists)
[17:43:21.963] [SKIP ] the-pelican-brief.html (already exists)
[17:43:21.963] [SKIP ] the-pianist.html (already exists)
[17:43:21.963] [SKIP ] the-picture-of-dorian-gray.html (already exists)
[17:43:21.963] [SKIP ] the-pillars-of-the-earth.html (already exists)
[17:43:21.963] [SKIP ] the-princess-bride.html (already exists)
[17:43:21.963] [SKIP ] the-road.html (already exists)
[17:43:21.964] [SKIP ] the-secret-garden.html (already exists)
[17:43:21.964] [SKIP ] the-secret-life-of-bees.html (already exists)
[17:43:21.964] [SKIP ] the-shining.html (already exists)
[17:43:21.964] [SKIP ] the-sisterhood-of-the-traveling-pants.html (already exists)
[17:43:21.964] [SKIP ] the-three-body-problem.html (already exists)
[17:43:21.964] [SKIP ] the-thursday-murder-club.html (already exists)
[17:43:21.964] [SKIP ] the-time-travelers-wife.html (already exists)
[17:43:21.964] [SKIP ] the-witcher.html (already exists)
[17:43:21.965] [SKIP ] the-woman-in-the-window.html (already exists)
[17:43:21.965] [SKIP ] thirteen-reasons-why.html (already exists)
[17:43:21.965] [SKIP ] to-kill-a-mockingbird.html (already exists)
[17:43:21.965] [SKIP ] verity.html (already exists)
[17:43:21.965] [SKIP ] water-for-elephants.html (already exists)
[17:43:21.965] [SKIP ] where-the-crawdads-sing.html (already exists)
[17:43:21.965] [SKIP ] white-noise.html (already exists)
[17:43:21.966] [SKIP ] wolf-hall.html (already exists)
[17:43:21.966] [SKIP ] world-war-z.html (already exists)
[17:43:21.966] [SKIP ] wuthering-heights.html (already exists)

── Summary ─────────────────────────────────────
  Total:               164
  Rendered:            0
  Skipped:             164
  Failed:              0
────────────────────────────────────────────────

============================================================
Finished: 2026-04-14T17:43:21.966Z
Elapsed:  0.0s
Log:      C:\Users\andre\projects\movies\logs\2026-04-14_13-43-21_pipeline-render.log
============================================================
