============================================================
Script:  pipeline-render
Started: 2026-04-15T22:38:52.326Z
============================================================
[22:38:52.329] [INFO ] pipeline-render.js
[22:38:52.331] [INFO ] Source:  C:\Users\andre\projects\movies\pipeline\2-revised
[22:38:52.331] [INFO ] Output:  C:\Users\andre\projects\movies\pipeline\3-rendered
[22:38:52.331] [INFO ] Files:   1
[22:38:52.331] [INFO ] Force:   yes

── Rendering ────────────────────────────────────
[22:38:52.332] [PASS ] norwegian-wood.html — 25826 chars

── Summary ─────────────────────────────────────
  Total:               1
  Rendered:            1
  Skipped:             0
  Failed:              0
────────────────────────────────────────────────

── Checkpoint ──────────────────────────────────
  ✓  All pages rendered successfully
  ✓  All rendered files exist in 3-rendered/
  ✓  All pages have canonical tag
  ✓  All pages have quick-answer block
  ✓  All pages have CTA blocks
  ✓  No pages reference ../css/ (wrong path)
  ✓  No pages reference ../images/ (wrong path)

────────────────────────────────────────────────
  CHECKPOINT PASSED — ready for next pipeline step

── Copying to project root ──────────────────────
[22:38:52.335] [INFO ] Copied 1 file to project root

============================================================
Finished: 2026-04-15T22:38:52.335Z
Elapsed:  0.0s
Log:      C:\Users\andre\projects\movies\logs\2026-04-15_18-38-52_pipeline-render.log
============================================================
