============================================================
Script:  pipeline-render
Started: 2026-04-12T14:56:59.155Z
============================================================
[14:56:59.159] [INFO ] Created output directory: C:\Users\andre\projects\movies\pipeline\3-rendered
[14:56:59.161] [INFO ] pipeline-render.js
[14:56:59.161] [INFO ] Source:  C:\Users\andre\projects\movies\pipeline\2-revised
[14:56:59.161] [INFO ] Output:  C:\Users\andre\projects\movies\pipeline\3-rendered
[14:56:59.161] [INFO ] Files:   1
[14:56:59.161] [INFO ] Force:   no

── Rendering ────────────────────────────────────
[14:56:59.163] [PASS ] atonement.html — 23356 chars

── Summary ─────────────────────────────────────
  Total:               1
  Rendered:            1
  Skipped:             0
  Failed:              0
────────────────────────────────────────────────

── Checkpoint ──────────────────────────────────
  ✓  All pages rendered successfully
  ✓  All rendered files exist in 3-rendered/
  ✓  All pages have canonical tag
  ✗  All pages have quick-answer block
       atonement
  ✓  All pages have CTA blocks
  ✓  No pages reference ../css/ (wrong path)
  ✓  No pages reference ../images/ (wrong path)

────────────────────────────────────────────────
  CHECKPOINT FAILED — resolve issues before proceeding

============================================================
Finished: 2026-04-12T14:56:59.164Z
Elapsed:  0.0s
Log:      C:\Users\andre\projects\movies\logs\2026-04-12_10-56-59_pipeline-render.log
============================================================
