============================================================
Script:  pipeline-render
Started: 2026-04-19T02:16:37.805Z
============================================================
[02:16:37.809] [INFO ] pipeline-render.js
[02:16:37.811] [INFO ] Source:  C:\Users\andre\projects\movies\pipeline\2-revised
[02:16:37.811] [INFO ] Output:  C:\Users\andre\projects\movies\pipeline\3-rendered
[02:16:37.811] [INFO ] Files:   1
[02:16:37.811] [INFO ] Force:   yes

── Rendering ────────────────────────────────────
[02:16:37.833] [PASS ] enders-game.html — 22938 chars

── Summary ─────────────────────────────────────
  Total:               1
  Rendered:            1
  Skipped:             0
  Failed:              0
────────────────────────────────────────────────

── Checkpoint ──────────────────────────────────
  ✓  All pages rendered successfully
  ✓  All rendered files exist
  ✓  All pages have canonical tag
  ✓  All pages have quick-answer block
  ✓  All pages have CTA blocks
  ✓  No ../css/ paths
  ✓  No ../images/ paths

────────────────────────────────────────────────
  CHECKPOINT PASSED — ready for next pipeline step

── Copying to project root ──────────────────────
[02:16:37.837] [INFO ] Copied 1 file to project root

============================================================
Finished: 2026-04-19T02:16:37.837Z
Elapsed:  0.0s
Log:      C:\Users\andre\projects\movies\logs\2026-04-19_22-16-37_pipeline-render.log
============================================================
