============================================================
Script:  pipeline-render
Started: 2026-04-17T17:33:47.908Z
============================================================
[17:33:47.912] [INFO ] pipeline-render.js
[17:33:47.914] [INFO ] Source:  C:\Users\andre\projects\movies\pipeline\2-revised
[17:33:47.914] [INFO ] Output:  C:\Users\andre\projects\movies\pipeline\3-rendered
[17:33:47.914] [INFO ] Files:   1
[17:33:47.914] [INFO ] Force:   yes

── Rendering ────────────────────────────────────
[17:33:47.916] [PASS ] reminders-of-him.html — 21417 chars

── Summary ─────────────────────────────────────
  Total:               1
  Rendered:            1
  Skipped:             0
  Failed:              0
────────────────────────────────────────────────

── Checkpoint ──────────────────────────────────
  ✓  All pages rendered successfully
  ✓  All rendered files exist
  ✓  All pages have canonical tag
  ✓  All pages have quick-answer block
  ✓  All pages have CTA blocks
  ✓  No ../css/ paths
  ✓  No ../images/ paths

────────────────────────────────────────────────
  CHECKPOINT PASSED — ready for next pipeline step

── Copying to project root ──────────────────────
[17:33:47.918] [INFO ] Copied 1 file to project root

============================================================
Finished: 2026-04-17T17:33:47.918Z
Elapsed:  0.0s
Log:      C:\Users\andre\projects\movies\logs\2026-04-17_13-33-47_pipeline-render.log
============================================================
