============================================================
Script:  pipeline-render
Started: 2026-04-20T14:33:46.187Z
============================================================
[14:33:46.191] [INFO ] pipeline-render.js
[14:33:46.193] [INFO ] Source:  C:\Users\andre\projects\movies\pipeline\2-revised
[14:33:46.193] [INFO ] Output:  C:\Users\andre\projects\movies\pipeline\3-rendered
[14:33:46.193] [INFO ] Files:   1
[14:33:46.193] [INFO ] Force:   yes

── Rendering ────────────────────────────────────
[14:33:46.196] [PASS ] gone-girl.html — 24317 chars

── Summary ─────────────────────────────────────
  Total:               1
  Rendered:            1
  Skipped:             0
  Failed:              0
────────────────────────────────────────────────

── Checkpoint ──────────────────────────────────
  ✓  All pages rendered successfully
  ✓  All rendered files exist
  ✓  All pages have canonical tag
  ✓  All pages have quick-answer block
  ✓  All pages have CTA blocks
  ✓  No ../css/ paths
  ✓  No ../images/ paths

────────────────────────────────────────────────
  CHECKPOINT PASSED — ready for next pipeline step

── Copying to project root ──────────────────────
[14:33:46.198] [INFO ] Copied 1 file to project root

============================================================
Finished: 2026-04-20T14:33:46.198Z
Elapsed:  0.0s
Log:      C:\Users\andre\projects\movies\logs\2026-04-20_10-33-46_pipeline-render.log
============================================================
