============================================================
Script:  pipeline-render
Started: 2026-04-17T17:26:39.332Z
============================================================
[17:26:39.336] [INFO ] pipeline-render.js
[17:26:39.338] [INFO ] Source:  C:\Users\andre\projects\movies\pipeline\2-revised
[17:26:39.338] [INFO ] Output:  C:\Users\andre\projects\movies\pipeline\3-rendered
[17:26:39.338] [INFO ] Files:   1
[17:26:39.339] [INFO ] Force:   yes

── Rendering ────────────────────────────────────
[17:26:39.341] [PASS ] reminders-of-him.html — 21072 chars

── Summary ─────────────────────────────────────
  Total:               1
  Rendered:            1
  Skipped:             0
  Failed:              0
────────────────────────────────────────────────

── Checkpoint ──────────────────────────────────
  ✓  All pages rendered successfully
  ✓  All rendered files exist
  ✓  All pages have canonical tag
  ✓  All pages have quick-answer block
  ✓  All pages have CTA blocks
  ✓  No ../css/ paths
  ✓  No ../images/ paths

────────────────────────────────────────────────
  CHECKPOINT PASSED — ready for next pipeline step

── Copying to project root ──────────────────────
[17:26:39.344] [INFO ] Copied 1 file to project root

============================================================
Finished: 2026-04-17T17:26:39.344Z
Elapsed:  0.0s
Log:      C:\Users\andre\projects\movies\logs\2026-04-17_13-26-39_pipeline-render.log
============================================================
