============================================================
Script:  pipeline-render
Started: 2026-04-15T22:35:14.879Z
============================================================
[22:35:14.883] [INFO ] pipeline-render.js
[22:35:14.885] [INFO ] Source:  C:\Users\andre\projects\movies\pipeline\2-revised
[22:35:14.885] [INFO ] Output:  C:\Users\andre\projects\movies\pipeline\3-rendered
[22:35:14.885] [INFO ] Files:   1
[22:35:14.885] [INFO ] Force:   yes

── Rendering ────────────────────────────────────
[22:35:14.887] [PASS ] arrival.html — 24310 chars

── Summary ─────────────────────────────────────
  Total:               1
  Rendered:            1
  Skipped:             0
  Failed:              0
────────────────────────────────────────────────

── Checkpoint ──────────────────────────────────
  ✓  All pages rendered successfully
  ✓  All rendered files exist in 3-rendered/
  ✓  All pages have canonical tag
  ✓  All pages have quick-answer block
  ✓  All pages have CTA blocks
  ✓  No pages reference ../css/ (wrong path)
  ✓  No pages reference ../images/ (wrong path)

────────────────────────────────────────────────
  CHECKPOINT PASSED — ready for next pipeline step

── Copying to project root ──────────────────────
[22:35:14.889] [INFO ] Copied 1 file to project root

============================================================
Finished: 2026-04-15T22:35:14.889Z
Elapsed:  0.0s
Log:      C:\Users\andre\projects\movies\logs\2026-04-15_18-35-14_pipeline-render.log
============================================================
