
[4/10/2026, 8:42:19 PM] 
============================================================
Phase 1: Extraction
------------------------------------------------------------
Total Reviews Found in /reviews: 173
Metadata Extracted to:           data/extracted_metadata.csv

Phase 2: Injection (Current Run)
------------------------------------------------------------
Added to Index:                  6
Added to Browse:                 173
Added to Sitemap:                176

Phase 3: Final Page Audit (Verification)
------------------------------------------------------------
Total Reviews in Index:          0
Total Reviews in Browse:         0
Total URLs in Sitemap:           176
============================================================

[4/10/2026, 8:43:57 PM] 
============================================================
PRE-SYNC AUDIT (Current State)
------------------------------------------------------------
Total in Index:      118
Total in Browse:     113
Total in Sitemap:    176

RUN SUMMARY (Action Taken)
------------------------------------------------------------
Files found in /reviews: 173
Processed for Index:     6
Processed for Browse:    173
Processed for Sitemap:   176

POST-SYNC VERIFICATION (Final State)
------------------------------------------------------------
Total in Index:      118
Total in Browse:     113
Total in Sitemap:    176
============================================================

[4/10/2026, 8:49:09 PM] 
============================================================
PRE-SYNC AUDIT (Old Hard-coded Totals)
------------------------------------------------------------
Total in Index:      118
Total in Browse:     113
Total in Sitemap:    176

RUN SUMMARY (Action Taken)
------------------------------------------------------------
Files found in /reviews: 173
Processed for Index:     0
Processed for Browse:    0
Processed for Sitemap:   176

POST-SYNC VERIFICATION (New Automated Totals)
------------------------------------------------------------
Total in Index:      118
Total in Browse:     113
Total in Sitemap:    176
============================================================
